Microchip MPLAB XC8 Compiler V1.35 ()

Linker command line:

--edf=/Applications/microchip/xc8/v1.35/dat/en_msgs.txt -cs \
  -h+dist/default/debug/Proto2_Magneto.X.debug.sym \
  --cmf=dist/default/debug/Proto2_Magneto.X.debug.cmf -z -Q16LF1947 \
  -o/tmp/xc6cjPrYa -Mdist/default/debug/Proto2_Magneto.X.debug.map -E1 \
  -ver=XC8 -ASTACK=0213Dh-0234fh -pstack=STACK -ACODE=00h-07FFhx8 \
  -ASTRCODE=00h-03FFFh -ASTRING=00h-0FFhx64 -ACONST=00h-0FFhx64 \
  -AENTRY=00h-0FFhx64 -ACOMMON=070h-07Fh -ABANK0=020h-06Fh \
  -ABANK1=0A0h-0EFh -ABANK2=0120h-016Fh -ABANK3=01A0h-01EFh \
  -ABANK4=0220h-026Fh -ABANK5=02A0h-02EFh -ABANK6=0320h-036Fh \
  -ABANK7=03A0h-03EFh -ABANK8=0420h-046Fh -ABANK9=04A0h-04EFh \
  -ABANK10=0520h-056Fh -ABANK11=05A0h-05EFh -ABANK12=0620h-064Fh \
  -ABIGRAM=02000h-023EFh \
  -ARAM=020h-06Fh,0A0h-0EFh,0120h-016Fh,01A0h-01EFh,0220h-026Fh,02A0h-02EFh,0320h-036Fh,03A0h-03EFh,0420h-046Fh,04A0h-04EFh,0520h-056Fh,05A0h-05EFh,0620h-064Fh \
  -AABS1=020h-07Fh,0A0h-0EFh,0120h-016Fh,01A0h-01EFh,0220h-026Fh,02A0h-02EFh,0320h-036Fh,03A0h-03EFh,0420h-046Fh,04A0h-04EFh,0520h-056Fh,05A0h-05EFh,0620h-064Fh \
  -ASFR0=00h-01Fh -ASFR1=080h-09Fh -ASFR2=0100h-011Fh -ASFR3=0180h-019Fh \
  -ASFR4=0200h-021Fh -ASFR5=0280h-029Fh -ASFR6=0300h-031Fh \
  -ASFR7=0380h-039Fh -ASFR8=0400h-041Fh -ASFR9=0480h-049Fh \
  -ASFR10=0500h-051Fh -ASFR11=0580h-059Fh -ASFR12=0600h-061Fh \
  -ASFR13=0680h-06EFh -ASFR14=0700h-076Fh -ASFR15=0780h-07EFh \
  -ASFR16=0800h-086Fh -ASFR17=0880h-08EFh -ASFR18=0900h-096Fh \
  -ASFR19=0980h-09EFh -ASFR20=0A00h-0A6Fh -ASFR21=0A80h-0AEFh \
  -ASFR22=0B00h-0B6Fh -ASFR23=0B80h-0BEFh -ASFR24=0C00h-0C6Fh \
  -ASFR25=0C80h-0CEFh -ASFR26=0D00h-0D6Fh -ASFR27=0D80h-0DEFh \
  -ASFR28=0E00h-0E6Fh -ASFR29=0E80h-0EEFh -ASFR30=0F00h-0F6Fh \
  -ASFR31=0F80h-0FEFh -preset_vec=00h,intentry=04h,init,end_init \
  -ppowerup=CODE -pcinit=CODE -pfunctab=CODE -ACONFIG=08007h-08008h \
  -pconfig=CONFIG -DCONFIG=2 -AIDLOC=08000h-08003h -pidloc=IDLOC -DIDLOC=2 \
  -AEEDATA=00h-0FFh/0F000h -peeprom_data=EEDATA -DEEDATA=2 -DCODE=2 \
  -DSTRCODE=2 -DSTRING=2 -DCONST=2 -DENTRY=2 -k /tmp/xcF8K4CLd.obj \
  dist/default/debug/Proto2_Magneto.X.debug.obj 

Object code version is 3.11

Machine type is 16LF1947



                Name                               Link     Load   Length Selector   Space Scale
/tmp/xcF8K4CLd.obj
                end_init                             16       16        2        8       0
                reset_vec                             0        0        3        0       0
                config                             8007     8007        2    1000E       0
dist/default/debug/Proto2_Magneto.X.debug.obj
                cinit                                18       18       4C        8       0
                intentry                              4        4       12        8       0
                text58                             112D     112D       23     225A       0
                text57                             1150     1150       23     22A0       0
                text56                             1391     1391       49     2722       0
                text55                             107C     107C       19     20F8       0
                text54                             1233     1233       2F     2466       0
                text53                             1FE4     1FE4        E     3FC8       0
                text52                             1030     1030       12     2060       0
                text51                             1FF2     1FF2        E     3FE4       0
                text50                             1042     1042       12     2084       0
                text49                             1000     1000        F     1AC4       0
                text48                              9C8      9C8       F9     1390       0
                text47                             1427     1427       52     284E       0
                text46                             1306     1306       45     260C       0
                text45                             101F     101F       11     203E       0
                text44                              339      339      2C2        8       0
                text43                             165C     165C       74     2CB8       0
                text42                             1295     1295       35     252A       0
                text41                             15F0     15F0       6C     2BE0       0
                text39                             1F90     1F90        8     3F20       0
                text38                             10EB     10EB       20     21D6       0
                text37                             1F75     1F75        5     3EEA       0
                text36                             1F7A     1F7A        5     3EF4       0
                text35                             1F7F     1F7F        5     3EFE       0
                text34                             1F98     1F98        9     3F30       0
                text33                             14CB     14CB       60     2996       0
                text32                             158B     158B       65     2B16       0
                text31                             110B     110B       22     2216       0
                text30                              8D2      8D2       F6     11A4       0
                text29                              81E      81E       B4     103C       0
                text28                             16D0     16D0       87     2DA0       0
                text27                              AC1      AC1      131     1582       0
                text26                             11BA     11BA       25     2374       0
                text25                             1066     1066       16     20CC       0
                text24                             1196     1196       24     232C       0
                text23                             100F     100F       10     201E       0
                text22                             1F84     1F84        6     3F08       0
                text21                             1262     1262       33     24C4       0
                text20                             1FB4     1FB4        C     3F68       0
                text19                             1FC0     1FC0        C     3F80       0
                text18                              800      800       1E     1000       0
                text17                             1757     1757       A9     2EAE       0
                text16                             1095     1095       1C     212A       0
                text15                             152B     152B       60     2A56       0
                text14                             12CA     12CA       3C     2594       0
                text13                             1FA1     1FA1        9     3F42       0
                text12                             1173     1173       23     22E6       0
                text11                              BF2      BF2      170     17E4       0
                text10                              5FB      5FB      1FF        8       0
                text9                              1205     1205       2E     240A       0
                text8                              1479     1479       52     28F2       0
                text7                              134B     134B       46     2696       0
                text6                              1054     1054       12     20A8       0
                text5                                64       64      2D5        8       0
                text4                              1FAA     1FAA        A     3F54       0
                text3                              10B1     10B1       1D     2162       0
                text2                              11DF     11DF       26     23BE       0
                text1                              10CE     10CE       1D     219C       0
                maintext                            D62      D62      29E     1AC4       0
                cstackBANK0                          20       20       3F       20       1
                cstackCOMMON                         70       70        E       70       1
                cstackBANK1                          A0       A0       4F       A0       1
                cstackBANK2                         120      120       37      120       1
                inittext                           1FCC     1FCC        C     3F98       0
                clrtext                            1FD8     1FD8        C     3FB0       0
                dataBANK3                           1A0      1A0       4D      1A0       1
                dataBANK2                           169      169        6      120       1
                bssBANK2                            157      157       12      120       1
                dataBANK0                            68       68        6       20       1
                bssBANK0                             5F       5F        9       20       1
                stringtext                         1800     1800       26     3000       0
                idataBANK3                         13DA     13DA       4D     27B4       0
                idataBANK2                         1F8A     1F8A        6     3F14       0
                idataBANK0                          7FA      7FA        6        8       0

TOTAL           Name                               Link     Load   Length     Space
        CLASS   STACK          

        CLASS   CODE           
                end_init                             16       16        2         0
                cinit                                18       18       4C         0
                intentry                              4        4       12         0
                reset_vec                             0        0        3         0
                text58                             112D     112D       23         0
                text57                             1150     1150       23         0
                text56                             1391     1391       49         0
                text55                             107C     107C       19         0
                text54                             1233     1233       2F         0
                text53                             1FE4     1FE4        E         0
                text52                             1030     1030       12         0
                text51                             1FF2     1FF2        E         0
                text50                             1042     1042       12         0
                text49                             1000     1000        F         0
                text48                              9C8      9C8       F9         0
                text47                             1427     1427       52         0
                text46                             1306     1306       45         0
                text45                             101F     101F       11         0
                text44                              339      339      2C2         0
                text43                             165C     165C       74         0
                text42                             1295     1295       35         0
                text41                             15F0     15F0       6C         0
                text39                             1F90     1F90        8         0
                text38                             10EB     10EB       20         0
                text37                             1F75     1F75        5         0
                text36                             1F7A     1F7A        5         0
                text35                             1F7F     1F7F        5         0
                text34                             1F98     1F98        9         0
                text33                             14CB     14CB       60         0
                text32                             158B     158B       65         0
                text31                             110B     110B       22         0
                text30                              8D2      8D2       F6         0
                text29                              81E      81E       B4         0
                text28                             16D0     16D0       87         0
                text27                              AC1      AC1      131         0
                text26                             11BA     11BA       25         0
                text25                             1066     1066       16         0
                text24                             1196     1196       24         0
                text23                             100F     100F       10         0
                text22                             1F84     1F84        6         0
                text21                             1262     1262       33         0
                text20                             1FB4     1FB4        C         0
                text19                             1FC0     1FC0        C         0
                text18                              800      800       1E         0
                text17                             1757     1757       A9         0
                text16                             1095     1095       1C         0
                text15                             152B     152B       60         0
                text14                             12CA     12CA       3C         0
                text13                             1FA1     1FA1        9         0
                text12                             1173     1173       23         0
                text11                              BF2      BF2      170         0
                text10                              5FB      5FB      1FF         0
                text9                              1205     1205       2E         0
                text8                              1479     1479       52         0
                text7                              134B     134B       46         0
                text6                              1054     1054       12         0
                text5                                64       64      2D5         0
                text4                              1FAA     1FAA        A         0
                text3                              10B1     10B1       1D         0
                text2                              11DF     11DF       26         0
                text1                              10CE     10CE       1D         0
                maintext                            D62      D62      29E         0
                inittext                           1FCC     1FCC        C         0
                clrtext                            1FD8     1FD8        C         0
                idataBANK3                         13DA     13DA       4D         0
                idataBANK2                         1F8A     1F8A        6         0
                idataBANK0                          7FA      7FA        6         0

        CLASS   STRCODE        
                stringtext                         1800     1800       26         0

        CLASS   STRING         

        CLASS   CONST          

        CLASS   ENTRY          

        CLASS   COMMON         
                cstackCOMMON                         70       70        E         1

        CLASS   BANK0          
                cstackBANK0                          20       20       3F         1
                dataBANK0                            68       68        6         1
                bssBANK0                             5F       5F        9         1

        CLASS   BANK1          
                cstackBANK1                          A0       A0       4F         1

        CLASS   BANK2          
                cstackBANK2                         120      120       37         1
                dataBANK2                           169      169        6         1
                bssBANK2                            157      157       12         1

        CLASS   BANK3          
                dataBANK3                           1A0      1A0       4D         1

        CLASS   BANK4          

        CLASS   BANK5          

        CLASS   BANK6          

        CLASS   BANK7          

        CLASS   BANK8          

        CLASS   BANK9          

        CLASS   BANK10         

        CLASS   BANK11         

        CLASS   BANK12         

        CLASS   BIGRAM         

        CLASS   RAM            

        CLASS   ABS1           
                abs_s1                               7E       7E        2         1
                abs_s1                              550      550       20         1
                abs_s1                              5A0      5A0       50         1
                abs_s1                              620      620       30         1
                abs_s1                             2350     2350        0         1

        CLASS   SFR0           

        CLASS   SFR1           

        CLASS   SFR2           

        CLASS   SFR3           

        CLASS   SFR4           

        CLASS   SFR5           

        CLASS   SFR6           

        CLASS   SFR7           

        CLASS   SFR8           

        CLASS   SFR9           

        CLASS   SFR10          

        CLASS   SFR11          

        CLASS   SFR12          

        CLASS   SFR13          

        CLASS   SFR14          

        CLASS   SFR15          

        CLASS   SFR16          

        CLASS   SFR17          

        CLASS   SFR18          

        CLASS   SFR19          

        CLASS   SFR20          

        CLASS   SFR21          

        CLASS   SFR22          

        CLASS   SFR23          

        CLASS   SFR24          

        CLASS   SFR25          

        CLASS   SFR26          

        CLASS   SFR27          

        CLASS   SFR28          

        CLASS   SFR29          

        CLASS   SFR30          

        CLASS   SFR31          

        CLASS   CONFIG         
                config                             8007     8007        2         0

        CLASS   IDLOC          

        CLASS   EEDATA         

        CLASS   BANK31         

        CLASS   BANK30         

        CLASS   BANK29         

        CLASS   BANK28         

        CLASS   BANK27         

        CLASS   BANK26         

        CLASS   BANK25         

        CLASS   BANK24         

        CLASS   BANK23         

        CLASS   BANK22         

        CLASS   BANK21         

        CLASS   BANK20         

        CLASS   BANK19         

        CLASS   BANK18         

        CLASS   BANK17         

        CLASS   BANK16         

        CLASS   BANK15         

        CLASS   BANK14         

        CLASS   BANK13         



SEGMENTS        Name                           Load    Length   Top    Selector   Space  Class     Delta

                reset_vec                      000000  000003  000003         0       0  CODE        2
                intentry                       000004  0007FC  000800         8       0  CODE        2
                cstackBANK0                    000020  00004E  00006E        20       1  BANK0       1
                cstackCOMMON                   000070  00000E  00007E        70       1  COMMON      1
                cstackBANK1                    0000A0  00004F  0000EF        A0       1  BANK1       1
                cstackBANK2                    000120  00004F  00016F       120       1  BANK2       1
                dataBANK3                      0001A0  00004D  0001ED       1A0       1  BANK3       1
                text18                         000800  00001E  00081E      1000       0  CODE        2
                text29                         00081E  0000B4  0008D2      103C       0  CODE        2
                text30                         0008D2  0000F6  0009C8      11A4       0  CODE        2
                text48                         0009C8  0000F9  000AC1      1390       0  CODE        2
                text27                         000AC1  000131  000BF2      1582       0  CODE        2
                text11                         000BF2  000170  000D62      17E4       0  CODE        2
                maintext                       000D62  0002AD  00100F      1AC4       0  CODE        2
                text23                         00100F  000010  00101F      201E       0  CODE        2
                text45                         00101F  000011  001030      203E       0  CODE        2
                text52                         001030  000012  001042      2060       0  CODE        2
                text50                         001042  000012  001054      2084       0  CODE        2
                text6                          001054  000012  001066      20A8       0  CODE        2
                text25                         001066  000016  00107C      20CC       0  CODE        2
                text55                         00107C  000019  001095      20F8       0  CODE        2
                text16                         001095  00001C  0010B1      212A       0  CODE        2
                text3                          0010B1  00001D  0010CE      2162       0  CODE        2
                text1                          0010CE  00001D  0010EB      219C       0  CODE        2
                text38                         0010EB  000020  00110B      21D6       0  CODE        2
                text31                         00110B  000022  00112D      2216       0  CODE        2
                text58                         00112D  000023  001150      225A       0  CODE        2
                text57                         001150  000023  001173      22A0       0  CODE        2
                text12                         001173  000023  001196      22E6       0  CODE        2
                text24                         001196  000024  0011BA      232C       0  CODE        2
                text26                         0011BA  000025  0011DF      2374       0  CODE        2
                text2                          0011DF  000026  001205      23BE       0  CODE        2
                text9                          001205  00002E  001233      240A       0  CODE        2
                text54                         001233  00002F  001262      2466       0  CODE        2
                text21                         001262  000033  001295      24C4       0  CODE        2
                text42                         001295  000035  0012CA      252A       0  CODE        2
                text14                         0012CA  00003C  001306      2594       0  CODE        2
                text46                         001306  000045  00134B      260C       0  CODE        2
                text7                          00134B  000046  001391      2696       0  CODE        2
                text56                         001391  000049  0013DA      2722       0  CODE        2
                idataBANK3                     0013DA  00004D  001427      27B4       0  CODE        2
                text47                         001427  000052  001479      284E       0  CODE        2
                text8                          001479  000052  0014CB      28F2       0  CODE        2
                text33                         0014CB  000060  00152B      2996       0  CODE        2
                text15                         00152B  000060  00158B      2A56       0  CODE        2
                text32                         00158B  000065  0015F0      2B16       0  CODE        2
                text41                         0015F0  00006C  00165C      2BE0       0  CODE        2
                text43                         00165C  000074  0016D0      2CB8       0  CODE        2
                text28                         0016D0  000087  001757      2DA0       0  CODE        2
                text17                         001757  0000A9  001800      2EAE       0  CODE        2
                stringtext                     001800  000026  001826      3000       0  STRCODE     2
                text37                         001F75  000005  001F7A      3EEA       0  CODE        2
                text36                         001F7A  000005  001F7F      3EF4       0  CODE        2
                text35                         001F7F  000005  001F84      3EFE       0  CODE        2
                text22                         001F84  000006  001F8A      3F08       0  CODE        2
                idataBANK2                     001F8A  000006  001F90      3F14       0  CODE        2
                text39                         001F90  000008  001F98      3F20       0  CODE        2
                text34                         001F98  000009  001FA1      3F30       0  CODE        2
                text13                         001FA1  000009  001FAA      3F42       0  CODE        2
                text4                          001FAA  00000A  001FB4      3F54       0  CODE        2
                text20                         001FB4  00000C  001FC0      3F68       0  CODE        2
                text19                         001FC0  00000C  001FCC      3F80       0  CODE        2
                inittext                       001FCC  00000C  001FD8      3F98       0  CODE        2
                clrtext                        001FD8  00000C  001FE4      3FB0       0  CODE        2
                text53                         001FE4  00000E  001FF2      3FC8       0  CODE        2
                text51                         001FF2  00000E  002000      3FE4       0  CODE        2
                config                         008007  000002  008009     1000E       0  CONFIG      2


UNUSED ADDRESS RANGES

        Name                Unused          Largest block    Delta
        BANK0            0006E-0006F               2           1
        BANK1            000EF-000EF               1           1
        BANK10           00520-0054F              30           1
        BANK2            0016F-0016F               1           1
        BANK3            001ED-001EF               3           1
        BANK4            00220-0026F              50           1
        BANK5            002A0-002EF              50           1
        BANK6            00320-0036F              50           1
        BANK7            003A0-003EF              50           1
        BANK8            00420-0046F              50           1
        BANK9            004A0-004EF              50           1
        BIGRAM           02000-023EF             3F0           1
        CODE             00003-00003               1           2
                         01826-01F74             74F
                         02000-03FFF             800
        CONST            00003-00003               1           2
                         01826-01F74             100
                         02000-03FFF             100
        EEDATA           0F000-0F0FF             100           2
        ENTRY            00003-00003               1           2
                         01826-01F74             100
                         02000-03FFF             100
        IDLOC            08000-08003               4           2
        RAM              0006E-0006F               2           1
                         000EF-000EF               1
                         0016F-0016F               1
                         001ED-001EF               3
                         00220-0026F              50
                         002A0-002EF              50
                         00320-0036F              50
                         003A0-003EF              50
                         00420-0046F              50
                         004A0-004EF              50
                         00520-0054F              30
        SFR0             00000-0001F              20           1
        SFR1             00080-0009F              20           1
        SFR10            00500-0051F              20           1
        SFR11            00580-0059F              20           1
        SFR12            00600-0061F              20           1
        SFR13            00680-006EF              70           1
        SFR14            00700-0076F              70           1
        SFR15            00780-007EF              70           1
        SFR16            00800-0086F              70           1
        SFR17            00880-008EF              70           1
        SFR18            00900-0096F              70           1
        SFR19            00980-009EF              70           1
        SFR2             00100-0011F              20           1
        SFR20            00A00-00A6F              70           1
        SFR21            00A80-00AEF              70           1
        SFR22            00B00-00B6F              70           1
        SFR23            00B80-00BEF              70           1
        SFR24            00C00-00C6F              70           1
        SFR25            00C80-00CEF              70           1
        SFR26            00D00-00D6F              70           1
        SFR27            00D80-00DEF              70           1
        SFR28            00E00-00E6F              70           1
        SFR29            00E80-00EEF              70           1
        SFR3             00180-0019F              20           1
        SFR30            00F00-00F6F              70           1
        SFR31            00F80-00FEF              70           1
        SFR4             00200-0021F              20           1
        SFR5             00280-0029F              20           1
        SFR6             00300-0031F              20           1
        SFR7             00380-0039F              20           1
        SFR8             00400-0041F              20           1
        SFR9             00480-0049F              20           1
        STACK            0213D-0234F             213           1
        STRCODE          00003-00003               1           2
                         01826-01F74             74F
                         02000-03FFF            2000
        STRING           00003-00003               1           2
                         01826-01F74             100
                         02000-03FFF             100

                                  Symbol Table

?___awdiv                            cstackBANK1  000A7
?___awmod                            cstackBANK1  000A0
?___awtoft                           cstackBANK1  000A8
?___ftadd                            cstackBANK1  000BB
?___ftdiv                            cstackBANK1  000A8
?___ftmul                            cstackBANK1  000C8
?___ftneg                            cstackBANK1  000B8
?___ftpack                           cstackBANK1  000A0
?___ftsub                            cstackBANK1  000C8
?___fttol                            cstackBANK1  000D8
?___lmul                             cstackCOMMON 00070
?___wmul                             cstackBANK1  000A0
?_argXY                              cstackBANK1  000EC
?_atan                               cstackBANK1  000E2
?_atan2                              cstackBANK1  000E6
?_eval_poly                          cstackBANK1  000D8
?_fabs                               cstackBANK1  000BB
?_printf                             cstackBANK1  000A1
?_strtol                             cstackBANK0  00020
?i1___awdiv                          cstackCOMMON 00077
?i1___awmod                          cstackCOMMON 00070
EUSART_Receive_ISR@incoming          cstackBANK0  0005D
EUSART_Receive_ISR@str               cstackBANK0  00055
LIS3MDL_Read_Raw_XY@X_H              cstackBANK1  000A9
LIS3MDL_Read_Raw_XY@X_L              cstackBANK1  000A8
LIS3MDL_Read_Raw_XY@Y_H              cstackBANK1  000AB
LIS3MDL_Read_Raw_XY@Y_L              cstackBANK1  000AA
LIS3MDL_Read_XY@X_H                  cstackBANK2  00121
LIS3MDL_Read_XY@X_L                  cstackBANK2  00120
LIS3MDL_Read_XY@Y_H                  cstackBANK2  00123
LIS3MDL_Read_XY@Y_L                  cstackBANK2  00122
LIS3MDL_Wait@ZYXDA                   cstackBANK1  000A4
LIS3MDL_Write@data                   cstackBANK1  000A1
LIS3MDL_Write@reg                    cstackBANK1  000A2
_ACKDT                               (abs)        010B5
_ACKEN                               (abs)        010B4
_ANSELA                              (abs)        0018C
_ANSELE                              (abs)        00190
_ANSELF                              (abs)        0040C
_ANSELG                              (abs)        0040D
_APFCON                              (abs)        0011D
_BAUD1CON                            (abs)        0019F
_DIGIT                               dataBANK3    001A0
_EUSART_Initialize                   text23       0100F
_EUSART_Receive_ISR                  text41       015F0
_INTCONbits                          (abs)        0000B
_INTERRUPT_InterruptManager          intentry     00004
_LATA                                (abs)        0010C
_LATB                                (abs)        0010D
_LATC                                (abs)        0010E
_LATD                                (abs)        0010F
_LATE                                (abs)        00110
_LATF                                (abs)        0038C
_LATG                                (abs)        0038D
_LIS3MDL_Read_Raw_XY                 text33       014CB
_LIS3MDL_Read_XY                     text27       00AC1
_LIS3MDL_Read_XY$1139                cstackBANK2  00124
_LIS3MDL_Wait                        text26       011BA
_LIS3MDL_Write                       text25       01066
_LIS3MDL_init                        text24       01196
_OPTION_REGbits                      (abs)        00095
_OSCCON                              (abs)        00099
_OSCILLATOR_Initialize               text22       01F84
_OSCSTAT                             (abs)        0009A
_OSCTUNE                             (abs)        00098
_PEN                                 (abs)        010B2
_PIE1bits                            (abs)        00091
_PIN_MANAGER_Initialize              text21       01262
_PIR1bits                            (abs)        00011
_PORTD                               (abs)        0000F
_RA0                                 (abs)        00060
_RA1                                 (abs)        00061
_RA2                                 (abs)        00062
_RA4                                 (abs)        00064
_RC0                                 (abs)        00070
_RC1                                 (abs)        00071
_RC1REG                              (abs)        00199
_RC1STA                              (abs)        0019D
_RC1STAbits                          (abs)        0019D
_RC2                                 (abs)        00072
_RCEN                                (abs)        010B3
_RD0                                 (abs)        00078
_RD1                                 (abs)        00079
_RD2                                 (abs)        0007A
_RE0                                 (abs)        00080
_RE1                                 (abs)        00081
_RE2                                 (abs)        00082
_RE3                                 (abs)        00083
_RE4                                 (abs)        00084
_RE5                                 (abs)        00085
_RE6                                 (abs)        00086
_RF0                                 (abs)        01460
_RF1                                 (abs)        01461
_RF2                                 (abs)        01462
_RF3                                 (abs)        01463
_RF4                                 (abs)        01464
_RF5                                 (abs)        01465
_RF6                                 (abs)        01466
_RF7                                 (abs)        01467
_RG0                                 (abs)        01468
_RG1                                 (abs)        01469
_RG2                                 (abs)        0146A
_RG3                                 (abs)        0146B
_RSEN                                (abs)        010B1
_SEN                                 (abs)        010B0
_SP1BRGH                             (abs)        0019C
_SP1BRGL                             (abs)        0019B
_SSP1ADD                             (abs)        00212
_SSP1BUF                             (abs)        00211
_SSP1CON1                            (abs)        00215
_SSP1CON2                            (abs)        00216
_SSP1STAT                            (abs)        00214
_SYSTEM_Initialize                   text19       01FC0
_TRISA                               (abs)        0008C
_TRISB                               (abs)        0008D
_TRISC                               (abs)        0008E
_TRISC3                              (abs)        00473
_TRISC4                              (abs)        00474
_TRISD                               (abs)        0008F
_TRISE                               (abs)        00090
_TRISF                               (abs)        0030C
_TRISG                               (abs)        0030D
_TX1REG                              (abs)        0019A
_TX1STA                              (abs)        0019E
_TX1STAbits                          (abs)        0019E
_WPUB                                (abs)        0020D
_WPUG                                (abs)        0048D
_Xoff                                bssBANK2     00157
_Xsf                                 bssBANK2     0015A
_Yoff                                bssBANK2     0015D
_Ysf                                 bssBANK2     00160
__CFG_BOREN$ON                       (abs)        00000
__CFG_BORV$LO                        (abs)        00000
__CFG_CLKOUTEN$OFF                   (abs)        00000
__CFG_CP$OFF                         (abs)        00000
__CFG_CPD$OFF                        (abs)        00000
__CFG_FCMEN$ON                       (abs)        00000
__CFG_FOSC$INTOSC                    (abs)        00000
__CFG_IESO$ON                        (abs)        00000
__CFG_LVP$OFF                        (abs)        00000
__CFG_MCLRE$ON                       (abs)        00000
__CFG_PLLEN$ON                       (abs)        00000
__CFG_PWRTE$OFF                      (abs)        00000
__CFG_STVREN$ON                      (abs)        00000
__CFG_WDTE$OFF                       (abs)        00000
__CFG_WRT$OFF                        (abs)        00000
__Habs1                              abs1         00000
__Hbank0                             bank0        00000
__Hbank1                             bank1        00000
__Hbank10                            bank10       00000
__Hbank11                            bank11       00000
__Hbank12                            bank12       00000
__Hbank13                            bank13       00000
__Hbank14                            bank14       00000
__Hbank15                            bank15       00000
__Hbank16                            bank16       00000
__Hbank17                            bank17       00000
__Hbank18                            bank18       00000
__Hbank19                            bank19       00000
__Hbank2                             bank2        00000
__Hbank20                            bank20       00000
__Hbank21                            bank21       00000
__Hbank22                            bank22       00000
__Hbank23                            bank23       00000
__Hbank24                            bank24       00000
__Hbank25                            bank25       00000
__Hbank26                            bank26       00000
__Hbank27                            bank27       00000
__Hbank28                            bank28       00000
__Hbank29                            bank29       00000
__Hbank3                             bank3        00000
__Hbank30                            bank30       00000
__Hbank31                            bank31       00000
__Hbank4                             bank4        00000
__Hbank5                             bank5        00000
__Hbank6                             bank6        00000
__Hbank7                             bank7        00000
__Hbank8                             bank8        00000
__Hbank9                             bank9        00000
__Hbigram                            bigram       00000
__HbssBANK0                          bssBANK0     00000
__HbssBANK2                          bssBANK2     00000
__Hcinit                             cinit        00064
__Hclrtext                           clrtext      00000
__Hcode                              code         00000
__Hcommon                            common       00000
__Hconfig                            config       08009
__HcstackBANK0                       cstackBANK0  00000
__HcstackBANK1                       cstackBANK1  00000
__HcstackBANK2                       cstackBANK2  00000
__HcstackCOMMON                      cstackCOMMON 00000
__HdataBANK0                         dataBANK0    00000
__HdataBANK2                         dataBANK2    00000
__HdataBANK3                         dataBANK3    00000
__Heeprom_data                       eeprom_data  00000
__Hend_init                          end_init     00018
__Hfunctab                           functab      00000
__HidataBANK0                        idataBANK0   00000
__HidataBANK2                        idataBANK2   00000
__HidataBANK3                        idataBANK3   00000
__Hidloc                             idloc        00000
__Hinit                              init         00016
__Hinittext                          inittext     00000
__Hintentry                          intentry     00016
__Hmaintext                          maintext     00000
__Hpowerup                           powerup      00000
__Hram                               ram          00000
__Hreset_vec                         reset_vec    00003
__Hsfr0                              sfr0         00000
__Hsfr1                              sfr1         00000
__Hsfr10                             sfr10        00000
__Hsfr11                             sfr11        00000
__Hsfr12                             sfr12        00000
__Hsfr13                             sfr13        00000
__Hsfr14                             sfr14        00000
__Hsfr15                             sfr15        00000
__Hsfr16                             sfr16        00000
__Hsfr17                             sfr17        00000
__Hsfr18                             sfr18        00000
__Hsfr19                             sfr19        00000
__Hsfr2                              sfr2         00000
__Hsfr20                             sfr20        00000
__Hsfr21                             sfr21        00000
__Hsfr22                             sfr22        00000
__Hsfr23                             sfr23        00000
__Hsfr24                             sfr24        00000
__Hsfr25                             sfr25        00000
__Hsfr26                             sfr26        00000
__Hsfr27                             sfr27        00000
__Hsfr28                             sfr28        00000
__Hsfr29                             sfr29        00000
__Hsfr3                              sfr3         00000
__Hsfr30                             sfr30        00000
__Hsfr31                             sfr31        00000
__Hsfr4                              sfr4         00000
__Hsfr5                              sfr5         00000
__Hsfr6                              sfr6         00000
__Hsfr7                              sfr7         00000
__Hsfr8                              sfr8         00000
__Hsfr9                              sfr9         00000
__Hspace_0                           (abs)        08009
__Hspace_1                           (abs)        001ED
__Hspace_2                           (abs)        00000
__Hspace_3                           (abs)        00000
__Hstack                             stack        00000
__Hstrings                           strings      00000
__Hstringtext                        stringtext   00000
__Htext                              text         00000
__Labs1                              abs1         00000
__Lbank0                             bank0        00000
__Lbank1                             bank1        00000
__Lbank10                            bank10       00000
__Lbank11                            bank11       00000
__Lbank12                            bank12       00000
__Lbank13                            bank13       00000
__Lbank14                            bank14       00000
__Lbank15                            bank15       00000
__Lbank16                            bank16       00000
__Lbank17                            bank17       00000
__Lbank18                            bank18       00000
__Lbank19                            bank19       00000
__Lbank2                             bank2        00000
__Lbank20                            bank20       00000
__Lbank21                            bank21       00000
__Lbank22                            bank22       00000
__Lbank23                            bank23       00000
__Lbank24                            bank24       00000
__Lbank25                            bank25       00000
__Lbank26                            bank26       00000
__Lbank27                            bank27       00000
__Lbank28                            bank28       00000
__Lbank29                            bank29       00000
__Lbank3                             bank3        00000
__Lbank30                            bank30       00000
__Lbank31                            bank31       00000
__Lbank4                             bank4        00000
__Lbank5                             bank5        00000
__Lbank6                             bank6        00000
__Lbank7                             bank7        00000
__Lbank8                             bank8        00000
__Lbank9                             bank9        00000
__Lbigram                            bigram       00000
__LbssBANK0                          bssBANK0     00000
__LbssBANK2                          bssBANK2     00000
__Lcinit                             cinit        00018
__Lclrtext                           clrtext      00000
__Lcode                              code         00000
__Lcommon                            common       00000
__Lconfig                            config       08007
__LcstackBANK0                       cstackBANK0  00000
__LcstackBANK1                       cstackBANK1  00000
__LcstackBANK2                       cstackBANK2  00000
__LcstackCOMMON                      cstackCOMMON 00000
__LdataBANK0                         dataBANK0    00000
__LdataBANK2                         dataBANK2    00000
__LdataBANK3                         dataBANK3    00000
__Leeprom_data                       eeprom_data  00000
__Lend_init                          end_init     00016
__Lfunctab                           functab      00000
__LidataBANK0                        idataBANK0   00000
__LidataBANK2                        idataBANK2   00000
__LidataBANK3                        idataBANK3   00000
__Lidloc                             idloc        00000
__Linit                              init         00016
__Linittext                          inittext     00000
__Lintentry                          intentry     00004
__Lmaintext                          maintext     00000
__Lpowerup                           powerup      00000
__Lram                               ram          00000
__Lreset_vec                         reset_vec    00000
__Lsfr0                              sfr0         00000
__Lsfr1                              sfr1         00000
__Lsfr10                             sfr10        00000
__Lsfr11                             sfr11        00000
__Lsfr12                             sfr12        00000
__Lsfr13                             sfr13        00000
__Lsfr14                             sfr14        00000
__Lsfr15                             sfr15        00000
__Lsfr16                             sfr16        00000
__Lsfr17                             sfr17        00000
__Lsfr18                             sfr18        00000
__Lsfr19                             sfr19        00000
__Lsfr2                              sfr2         00000
__Lsfr20                             sfr20        00000
__Lsfr21                             sfr21        00000
__Lsfr22                             sfr22        00000
__Lsfr23                             sfr23        00000
__Lsfr24                             sfr24        00000
__Lsfr25                             sfr25        00000
__Lsfr26                             sfr26        00000
__Lsfr27                             sfr27        00000
__Lsfr28                             sfr28        00000
__Lsfr29                             sfr29        00000
__Lsfr3                              sfr3         00000
__Lsfr30                             sfr30        00000
__Lsfr31                             sfr31        00000
__Lsfr4                              sfr4         00000
__Lsfr5                              sfr5         00000
__Lsfr6                              sfr6         00000
__Lsfr7                              sfr7         00000
__Lsfr8                              sfr8         00000
__Lsfr9                              sfr9         00000
__Lspace_0                           (abs)        00000
__Lspace_1                           (abs)        00000
__Lspace_2                           (abs)        00000
__Lspace_3                           (abs)        00000
__Lstack                             stack        00000
__Lstrings                           strings      00000
__Lstringtext                        stringtext   00000
__Ltext                              text         00000
__S0                                 (abs)        08009
__S1                                 (abs)        001ED
__S2                                 (abs)        00000
__S3                                 (abs)        00000
___awdiv                             text8        01479
___awdiv@counter                     cstackBANK1  000AC
___awdiv@dividend                    cstackBANK1  000A9
___awdiv@divisor                     cstackBANK1  000A7
___awdiv@quotient                    cstackBANK1  000AE
___awdiv@sign                        cstackBANK1  000AD
___awmod                             text7        0134B
___awmod@counter                     cstackBANK1  000A5
___awmod@dividend                    cstackBANK1  000A2
___awmod@divisor                     cstackBANK1  000A0
___awmod@sign                        cstackBANK1  000A6
___awtoft                            text31       0110B
___awtoft@c                          cstackBANK1  000A8
___awtoft@sign                       cstackBANK1  000AD
___bmul                              text6        01054
___bmul@multiplicand                 cstackBANK1  000A0
___bmul@multiplier                   cstackBANK1  000A3
___bmul@product                      cstackBANK1  000A2
___ftadd                             text30       008D2
___ftadd@exp1                        cstackBANK1  000C7
___ftadd@exp2                        cstackBANK1  000C6
___ftadd@f1                          cstackBANK1  000BB
___ftadd@f2                          cstackBANK1  000BE
___ftadd@sign                        cstackBANK1  000C5
___ftdiv                             text17       01757
___ftdiv@cntr                        cstackBANK1  000B2
___ftdiv@exp                         cstackBANK1  000B6
___ftdiv@f1                          cstackBANK1  000AB
___ftdiv@f2                          cstackBANK1  000A8
___ftdiv@f3                          cstackBANK1  000B3
___ftdiv@sign                        cstackBANK1  000B7
___ftge                              text14       012CA
___ftge@ff1                          cstackBANK1  000A0
___ftge@ff2                          cstackBANK1  000A3
___ftmul                             text29       0081E
___ftmul@cntr                        cstackBANK1  000D6
___ftmul@exp                         cstackBANK1  000D2
___ftmul@f1                          cstackBANK1  000C8
___ftmul@f2                          cstackBANK1  000CB
___ftmul@f3_as_product               cstackBANK1  000D3
___ftmul@sign                        cstackBANK1  000D7
___ftneg                             text13       01FA1
___ftneg@f1                          cstackBANK1  000B8
___ftpack                            text32       0158B
___ftpack@arg                        cstackBANK1  000A0
___ftpack@exp                        cstackBANK1  000A3
___ftpack@sign                       cstackBANK1  000A4
___ftsub                             text18       00800
___ftsub@f1                          cstackBANK1  000CB
___ftsub@f2                          cstackBANK1  000C8
___fttol                             text28       016D0
___fttol@exp1                        cstackBANK1  000E5
___fttol@f1                          cstackBANK1  000D8
___fttol@lval                        cstackBANK1  000E1
___fttol@sign1                       cstackBANK1  000E0
___int_sp                            stack        00000
___latbits                           (abs)        00003
___lmul                              text54       01233
___lmul@multiplicand                 cstackCOMMON 00074
___lmul@multiplier                   cstackCOMMON 00070
___lmul@product                      cstackCOMMON 00078
___sp                                stack        00000
___wmul                              text16       01095
___wmul@multiplicand                 cstackBANK1  000A2
___wmul@multiplier                   cstackBANK1  000A0
___wmul@product                      cstackBANK1  000A4
__end_of_EUSART_Initialize           text23       0101F
__end_of_EUSART_Receive_ISR          text41       0165C
__end_of_INTERRUPT_InterruptManager  intentry     00016
__end_of_LIS3MDL_Read_Raw_XY         text33       0152B
__end_of_LIS3MDL_Read_XY             text27       00BF2
__end_of_LIS3MDL_Wait                text26       011DF
__end_of_LIS3MDL_Write               text25       0107C
__end_of_LIS3MDL_init                text24       011BA
__end_of_OSCILLATOR_Initialize       text22       01F8A
__end_of_PIN_MANAGER_Initialize      text21       01295
__end_of_SYSTEM_Initialize           text19       01FCC
__end_of___awdiv                     text8        014CB
__end_of___awmod                     text7        01391
__end_of___awtoft                    text31       0112D
__end_of___bmul                      text6        01066
__end_of___ftadd                     text30       009C8
__end_of___ftdiv                     text17       01800
__end_of___ftge                      text14       01306
__end_of___ftmul                     text29       008D2
__end_of___ftneg                     text13       01FAA
__end_of___ftpack                    text32       015F0
__end_of___ftsub                     text18       0081E
__end_of___fttol                     text28       01757
__end_of___lmul                      text54       01262
__end_of___wmul                      text16       010B1
__end_of__initialization             cinit        00060
__end_of_argXY                       text9        01233
__end_of_atan                        text11       00D62
__end_of_atan2                       text10       007FA
__end_of_display                     text5        00339
__end_of_eval_poly                   text15       0158B
__end_of_fabs                        text12       01196
__end_of_goToPos                     text56       013DA
__end_of_i2c_Init                    text20       01FC0
__end_of_i2c_Read                    text38       0110B
__end_of_i2c_Restart                 text37       01F7A
__end_of_i2c_Start                   text36       01F7F
__end_of_i2c_Stop                    text35       01F84
__end_of_i2c_Wait                    text39       01F98
__end_of_i2c_Write                   text34       01FA1
__end_of_isalpha                     text52       01042
__end_of_isdigit                     text51       02000
__end_of_isspace                     text50       01054
__end_of_isupper                     text53       01FF2
__end_of_main                        maintext     01000
__end_of_printf                      text3        010CE
__end_of_processline                 text43       016D0
__end_of_putch                       text4        01FB4
__end_of_stepClock                   text58       01150
__end_of_stepCounterClock            text2        01205
__end_of_strcpy                      text55       01095
__end_of_strncpy                     text42       012CA
__end_of_strtol                      text48       00AC1
__end_of_toupper                     text49       0100F
__end_of_zeroNeedle                  text1        010EB
__end_ofatan@coeff_a                 stringtext   01812
__end_ofatan@coeff_b                 stringtext   01821
__end_ofi1___awdiv                   text47       01479
__end_ofi1___awmod                   text46       0134B
__end_ofi1___bmul                    text45       01030
__end_ofi1_display                   text44       005FB
__end_ofi1_stepCounterClock          text57       01173
__initialization                     cinit        00018
__pbssBANK0                          bssBANK0     0005F
__pbssBANK2                          bssBANK2     00157
__pbssBIGRAM                         (abs)        02350
__pcstackBANK0                       cstackBANK0  00020
__pcstackBANK1                       cstackBANK1  000A0
__pcstackBANK2                       cstackBANK2  00120
__pcstackCOMMON                      cstackCOMMON 00070
__pdataBANK0                         dataBANK0    00068
__pdataBANK2                         dataBANK2    00169
__pdataBANK3                         dataBANK3    001A0
__pidataBANK0                        idataBANK0   007FA
__pidataBANK2                        idataBANK2   01F8A
__pidataBANK3                        idataBANK3   013DA
__pintentry                          intentry     00004
__pmaintext                          maintext     00D62
__pstringtext                        stringtext   01800
__ptext1                             text1        010CE
__ptext10                            text10       005FB
__ptext11                            text11       00BF2
__ptext12                            text12       01173
__ptext13                            text13       01FA1
__ptext14                            text14       012CA
__ptext15                            text15       0152B
__ptext16                            text16       01095
__ptext17                            text17       01757
__ptext18                            text18       00800
__ptext19                            text19       01FC0
__ptext2                             text2        011DF
__ptext20                            text20       01FB4
__ptext21                            text21       01262
__ptext22                            text22       01F84
__ptext23                            text23       0100F
__ptext24                            text24       01196
__ptext25                            text25       01066
__ptext26                            text26       011BA
__ptext27                            text27       00AC1
__ptext28                            text28       016D0
__ptext29                            text29       0081E
__ptext3                             text3        010B1
__ptext30                            text30       008D2
__ptext31                            text31       0110B
__ptext32                            text32       0158B
__ptext33                            text33       014CB
__ptext34                            text34       01F98
__ptext35                            text35       01F7F
__ptext36                            text36       01F7A
__ptext37                            text37       01F75
__ptext38                            text38       010EB
__ptext39                            text39       01F90
__ptext4                             text4        01FAA
__ptext41                            text41       015F0
__ptext42                            text42       01295
__ptext43                            text43       0165C
__ptext44                            text44       00339
__ptext45                            text45       0101F
__ptext46                            text46       01306
__ptext47                            text47       01427
__ptext48                            text48       009C8
__ptext49                            text49       01000
__ptext5                             text5        00064
__ptext50                            text50       01042
__ptext51                            text51       01FF2
__ptext52                            text52       01030
__ptext53                            text53       01FE4
__ptext54                            text54       01233
__ptext55                            text55       0107C
__ptext56                            text56       01391
__ptext57                            text57       01150
__ptext58                            text58       0112D
__ptext6                             text6        01054
__ptext7                             text7        0134B
__ptext8                             text8        01479
__ptext9                             text9        01205
__size_of_EUSART_Initialize          (abs)        00000
__size_of_EUSART_Receive_ISR         (abs)        00000
__size_of_INTERRUPT_InterruptManager (abs)        00000
__size_of_LIS3MDL_Read_Raw_XY        (abs)        00000
__size_of_LIS3MDL_Read_XY            (abs)        00000
__size_of_LIS3MDL_Wait               (abs)        00000
__size_of_LIS3MDL_Write              (abs)        00000
__size_of_LIS3MDL_init               (abs)        00000
__size_of_OSCILLATOR_Initialize      (abs)        00000
__size_of_PIN_MANAGER_Initialize     (abs)        00000
__size_of_SYSTEM_Initialize          (abs)        00000
__size_of___awdiv                    (abs)        00000
__size_of___awmod                    (abs)        00000
__size_of___awtoft                   (abs)        00000
__size_of___bmul                     (abs)        00000
__size_of___ftadd                    (abs)        00000
__size_of___ftdiv                    (abs)        00000
__size_of___ftge                     (abs)        00000
__size_of___ftmul                    (abs)        00000
__size_of___ftneg                    (abs)        00000
__size_of___ftpack                   (abs)        00000
__size_of___ftsub                    (abs)        00000
__size_of___fttol                    (abs)        00000
__size_of___lmul                     (abs)        00000
__size_of___wmul                     (abs)        00000
__size_of_argXY                      (abs)        00000
__size_of_atan                       (abs)        00000
__size_of_atan2                      (abs)        00000
__size_of_display                    (abs)        00000
__size_of_eval_poly                  (abs)        00000
__size_of_fabs                       (abs)        00000
__size_of_goToPos                    (abs)        00000
__size_of_i2c_Init                   (abs)        00000
__size_of_i2c_Read                   (abs)        00000
__size_of_i2c_Restart                (abs)        00000
__size_of_i2c_Start                  (abs)        00000
__size_of_i2c_Stop                   (abs)        00000
__size_of_i2c_Wait                   (abs)        00000
__size_of_i2c_Write                  (abs)        00000
__size_of_isalpha                    (abs)        00000
__size_of_isdigit                    (abs)        00000
__size_of_isspace                    (abs)        00000
__size_of_isupper                    (abs)        00000
__size_of_main                       (abs)        00000
__size_of_printf                     (abs)        00000
__size_of_processline                (abs)        00000
__size_of_putch                      (abs)        00000
__size_of_stepClock                  (abs)        00000
__size_of_stepCounterClock           (abs)        00000
__size_of_strcpy                     (abs)        00000
__size_of_strncpy                    (abs)        00000
__size_of_strtol                     (abs)        00000
__size_of_toupper                    (abs)        00000
__size_of_zeroNeedle                 (abs)        00000
__size_ofi1___awdiv                  (abs)        00000
__size_ofi1___awmod                  (abs)        00000
__size_ofi1___bmul                   (abs)        00000
__size_ofi1_display                  (abs)        00000
__size_ofi1_stepCounterClock         (abs)        00000
_argXY                               text9        01205
_atan                                text11       00BF2
_atan2                               text10       005FB
_atan2$1141                          cstackBANK2  0012D
_atan2$1142                          cstackBANK2  00130
_atan2$1143                          cstackBANK2  00136
_atan2$1144                          cstackBANK2  00133
_charac                              bssBANK0     0005F
_console                             (abs)        02350
_display                             text5        00064
_errno                               bssBANK2     00163
_eval_poly                           text15       0152B
_fabs                                text12       01173
_goToPos                             text56       01391
_i2c_Init                            text20       01FB4
_i2c_Read                            text38       010EB
_i2c_Restart                         text37       01F75
_i2c_Start                           text36       01F7A
_i2c_Stop                            text35       01F7F
_i2c_Wait                            text39       01F90
_i2c_Write                           text34       01F98
_isalpha                             text52       01030
_isalpha$936                         cstackCOMMON 00072
_isdigit                             text51       01FF2
_isdigit$939                         cstackCOMMON 00070
_isspace                             text50       01042
_isspace$942                         cstackCOMMON 00070
_isupper                             text53       01FE4
_isupper$945                         cstackCOMMON 00070
_lines                               bssBANK0     00061
_main                                maintext     00D62
_main$1137                           cstackBANK2  00145
_main$1138                           cstackBANK2  00142
_position                            bssBANK0     00063
_printf                              text3        010B1
_processline                         text43       0165C
_putch                               text4        01FAA
_state                               bssBANK0     00067
_stateMap                            dataBANK0    00068
_stepClock                           text58       0112D
_stepCounterClock                    text2        011DF
_strcpy                              text55       0107C
_strncpy                             text42       01295
_strtol                              text48       009C8
_toupper                             text49       01000
_vX                                  bssBANK2     00165
_vY                                  bssBANK2     00167
_vZ                                  bssBANK0     00065
_zeroNeedle                          text1        010CE
atan2@v                              cstackBANK2  00139
atan2@x                              cstackBANK1  000E9
atan2@y                              cstackBANK1  000E6
atan@coeff_a                         stringtext   01800
atan@coeff_b                         stringtext   01812
atan@f                               cstackBANK1  000E2
atan@recip                           cstackBANK2  00126
atan@val                             cstackBANK2  0012A
atan@val_squared                     cstackBANK2  00127
atan@x                               cstackBANK2  00123
atan@y                               cstackBANK2  00120
btemp                                (abs)        0007E
clear_ram0                           clrtext      01FD8
display@neg                          cstackBANK1  000B3
display@x                            cstackBANK1  000B0
display@x0                           cstackBANK1  000B4
display@x1                           cstackBANK1  000B6
display@x2                           cstackBANK1  000B8
display@x3                           cstackBANK1  000BA
end_of_initialization                cinit        00060
eval_poly@d                          cstackBANK1  000DB
eval_poly@n                          cstackBANK1  000DD
eval_poly@res                        cstackBANK1  000DF
eval_poly@x                          cstackBANK1  000D8
fabs@d                               cstackBANK1  000BB
goToPos@pos                          cstackCOMMON 00072
goToPos@target                       cstackCOMMON 00074
i1___awdiv                           text47       01427
i1___awdiv@counter                   cstackBANK0  00020
i1___awdiv@dividend                  cstackCOMMON 00079
i1___awdiv@divisor                   cstackCOMMON 00077
i1___awdiv@quotient                  cstackBANK0  00022
i1___awdiv@sign                      cstackBANK0  00021
i1___awmod                           text46       01306
i1___awmod@counter                   cstackCOMMON 00075
i1___awmod@dividend                  cstackCOMMON 00072
i1___awmod@divisor                   cstackCOMMON 00070
i1___awmod@sign                      cstackCOMMON 00076
i1___bmul                            text45       0101F
i1___bmul@multiplicand               cstackCOMMON 00070
i1___bmul@multiplier                 cstackCOMMON 00072
i1___bmul@product                    cstackCOMMON 00073
i1_display                           text44       00339
i1_stepCounterClock                  text57       01150
i1display@neg                        cstackBANK0  00026
i1display@x                          cstackBANK0  00024
i1display@x0                         cstackBANK0  00027
i1display@x1                         cstackBANK0  00029
i1display@x2                         cstackBANK0  0002B
i1display@x3                         cstackBANK0  0002D
i2c_Read@ack                         cstackBANK1  000A1
i2c_Read@i2cReadData                 cstackBANK1  000A2
i2c_Write@data                       cstackBANK1  000A0
init_ram                             inittext     01FCC
int$flags                            (abs)        0007E
intlevel0                            functab      00000
intlevel1                            functab      00000
intlevel2                            functab      00000
intlevel3                            functab      00000
intlevel4                            functab      00000
intlevel5                            functab      00000
isalpha@c                            cstackCOMMON 00073
isdigit@c                            cstackCOMMON 00071
isspace@c                            cstackCOMMON 00071
isupper@c                            cstackCOMMON 00071
ltemp                                (abs)        0007E
ltemp0                               (abs)        0007E
ltemp1                               (abs)        00082
ltemp2                               (abs)        00086
ltemp3                               (abs)        00080
main@angle                           cstackBANK2  0013F
main@dX                              cstackBANK2  0014B
main@dY                              cstackBANK2  0014E
main@i                               cstackBANK2  00155
main@maxX                            cstackBANK2  00151
main@maxY                            cstackBANK2  00153
main@minX                            cstackBANK2  00147
main@minY                            cstackBANK2  00149
printf@ap                            cstackBANK1  000A6
printf@c                             cstackBANK1  000A7
printf@f                             cstackBANK1  000A1
processline@bear                     cstackBANK0  00048
processline@bearing                  cstackBANK0  00041
processline@ch                       cstackBANK0  0004C
processline@dist                     cstackBANK0  00043
processline@distance                 cstackBANK0  0003F
processline@ptr                      cstackBANK0  0004B
processline@src1                     cstackBANK0  0002F
processline@src2                     cstackBANK0  00037
putch@byte                           cstackBANK1  000A0
reset_vec                            reset_vec    00000
stackhi                              (abs)        0234F
stacklo                              (abs)        0213D
start                                init         00016
start_initialization                 cinit        00018
strcpy@cp                            cstackCOMMON 00072
strcpy@from                          cstackCOMMON 00070
strcpy@to                            cstackCOMMON 00073
strncpy@cp                           cstackCOMMON 00077
strncpy@from                         cstackCOMMON 00070
strncpy@size                         cstackCOMMON 00072
strncpy@to                           cstackCOMMON 00076
strtol@a                             cstackBANK0  00029
strtol@base                          cstackBANK0  00021
strtol@c                             cstackBANK0  0002E
strtol@endptr                        cstackBANK0  00020
strtol@s                             cstackBANK0  0002D
strtol@sign                          cstackBANK0  00028
toupper@c                            cstackCOMMON 00071
ttemp                                (abs)        0007E
ttemp0                               (abs)        0007E
ttemp1                               (abs)        00081
ttemp2                               (abs)        00084
ttemp3                               (abs)        00087
ttemp4                               (abs)        0007F
wtemp                                (abs)        0007E
wtemp0                               (abs)        0007E
wtemp1                               (abs)        00080
wtemp2                               (abs)        00082
wtemp3                               (abs)        00084
wtemp4                               (abs)        00086
wtemp5                               (abs)        00088
wtemp6                               (abs)        0007F
zeroNeedle@i                         cstackBANK1  000A2


FUNCTION INFORMATION:

 *************** function _main *****************
 Defined at:
		line 13 in file "main.c"
 Parameters:    Size  Location     Type
		None
 Auto vars:     Size  Location     Type
  i               2   53[BANK2 ] int 
  dY              3   46[BANK2 ] float 
  dX              3   43[BANK2 ] float 
  angle           3   31[BANK2 ] float 
  maxY            2   51[BANK2 ] int 
  maxX            2   49[BANK2 ] int 
  minY            2   41[BANK2 ] int 
  minX            2   39[BANK2 ] int 
 Return value:  Size  Location     Type
		None               void
 Registers used:
		wreg, fsr0l, fsr0h, fsr1l, fsr1h, status,2, status,0, pclath, cstack
 Tracked objects:
		On entry : 
		On exit  : 
		Unchanged: 
 Data sizes:     COMMON   BANK0   BANK1   BANK2   BANK3   BANK4   BANK5   BANK6   BANK7   BANK8   BANK9  BANK10  BANK11  BANK12
      Params:         0       0       0       0       0       0       0       0       0       0       0       0       0       0
      Locals:         0       0       0      24       0       0       0       0       0       0       0       0       0       0
      Temps:          0       0       0       3       0       0       0       0       0       0       0       0       0       0
      Totals:         0       0       0      27       0       0       0       0       0       0       0       0       0       0
Total ram usage:       27 bytes
 Hardware stack levels required when called:   12
 This function calls:
		_LIS3MDL_Read_Raw_XY
		_LIS3MDL_Read_XY
		_LIS3MDL_Wait
		_LIS3MDL_init
		_SYSTEM_Initialize
		___awdiv
		___awtoft
		___ftadd
		___ftdiv
		___ftge
		___ftmul
		___ftneg
		_argXY
		_display
		_printf
		_zeroNeedle
 This function is called by:
		Startup code after reset
 This function uses a non-reentrant model


 *************** function _zeroNeedle *****************
 Defined at:
		line 34 in file "Switec_motor.c"
 Parameters:    Size  Location     Type
		None
 Auto vars:     Size  Location     Type
  i               2    2[BANK1 ] unsigned int 
 Return value:  Size  Location     Type
                  2    6[None  ] int 
 Registers used:
		wreg, fsr1l, fsr1h, status,2, status,0, pclath, cstack
 Tracked objects:
		On entry : 
		On exit  : 
		Unchanged: 
 Data sizes:     COMMON   BANK0   BANK1   BANK2   BANK3   BANK4   BANK5   BANK6   BANK7   BANK8   BANK9  BANK10  BANK11  BANK12
      Params:         0       0       0       0       0       0       0       0       0       0       0       0       0       0
      Locals:         0       0       2       0       0       0       0       0       0       0       0       0       0       0
      Temps:          0       0       0       0       0       0       0       0       0       0       0       0       0       0
      Totals:         0       0       2       0       0       0       0       0       0       0       0       0       0       0
Total ram usage:        2 bytes
 Hardware stack levels used:    1
 Hardware stack levels required when called:    7
 This function calls:
		_stepCounterClock
 This function is called by:
		_main
 This function uses a non-reentrant model


 *************** function _stepCounterClock *****************
 Defined at:
		line 21 in file "Switec_motor.c"
 Parameters:    Size  Location     Type
		None
 Auto vars:     Size  Location     Type
		None
 Return value:  Size  Location     Type
		None               void
 Registers used:
		wreg, fsr1l, fsr1h, status,2, status,0
 Tracked objects:
		On entry : 
		On exit  : 
		Unchanged: 
 Data sizes:     COMMON   BANK0   BANK1   BANK2   BANK3   BANK4   BANK5   BANK6   BANK7   BANK8   BANK9  BANK10  BANK11  BANK12
      Params:         0       0       0       0       0       0       0       0       0       0       0       0       0       0
      Locals:         0       0       0       0       0       0       0       0       0       0       0       0       0       0
      Temps:          0       0       2       0       0       0       0       0       0       0       0       0       0       0
      Totals:         0       0       2       0       0       0       0       0       0       0       0       0       0       0
Total ram usage:        2 bytes
 Hardware stack levels used:    1
 Hardware stack levels required when called:    6
 This function calls:
		Nothing
 This function is called by:
		_zeroNeedle
 This function uses a non-reentrant model


 *************** function _printf *****************
 Defined at:
		line 464 in file "/Applications/microchip/xc8/v1.35/sources/common/doprnt.c"
 Parameters:    Size  Location     Type
  f               2    1[BANK1 ] PTR const unsigned char 
		 -> STR_1(5), 
 Auto vars:     Size  Location     Type
  tmpval          4    0        struct .
  cp              2    0        PTR const unsigned char 
  len             2    0        unsigned int 
  val             2    0        unsigned int 
  c               1    7[BANK1 ] char 
  ap              1    6[BANK1 ] PTR void [1]
		 -> ?_printf(2), 
  flag            1    0        unsigned char 
  prec            1    0        char 
 Return value:  Size  Location     Type
[...]
      Locals:         1       0       0       0       0       0       0       0       0       0       0       0       0       0
      Temps:          1       0       0       0       0       0       0       0       0       0       0       0       0       0
      Totals:         2       0       0       0       0       0       0       0       0       0       0       0       0       0
Total ram usage:        2 bytes
 Hardware stack levels used:    1
 This function calls:
		Nothing
 This function is called by:
		_strtol
 This function uses a non-reentrant model


 *************** function _isspace *****************
 Defined at:
		line 8 in file "/Applications/microchip/xc8/v1.35/sources/common/isspace.c"
 Parameters:    Size  Location     Type
  c               1    wreg     unsigned char 
 Auto vars:     Size  Location     Type
  c               1    1[COMMON] unsigned char 
 Return value:  Size  Location     Type
		None               void
 Registers used:
		wreg, status,2, status,0
 Tracked objects:
		On entry : 
		On exit  : 
		Unchanged: 
 Data sizes:     COMMON   BANK0   BANK1   BANK2   BANK3   BANK4   BANK5   BANK6   BANK7   BANK8   BANK9  BANK10  BANK11  BANK12
      Params:         0       0       0       0       0       0       0       0       0       0       0       0       0       0
      Locals:         2       0       0       0       0       0       0       0       0       0       0       0       0       0
      Temps:          0       0       0       0       0       0       0       0       0       0       0       0       0       0
      Totals:         2       0       0       0       0       0       0       0       0       0       0       0       0       0
Total ram usage:        2 bytes
 Hardware stack levels used:    1
 This function calls:
		Nothing
 This function is called by:
		_strtol
 This function uses a non-reentrant model


 *************** function _isdigit *****************
 Defined at:
		line 8 in file "/Applications/microchip/xc8/v1.35/sources/common/isdigit.c"
 Parameters:    Size  Location     Type
  c               1    wreg     unsigned char 
 Auto vars:     Size  Location     Type
  c               1    1[COMMON] unsigned char 
 Return value:  Size  Location     Type
		None               void
 Registers used:
		wreg, status,2, status,0
 Tracked objects:
		On entry : 
		On exit  : 
		Unchanged: 
 Data sizes:     COMMON   BANK0   BANK1   BANK2   BANK3   BANK4   BANK5   BANK6   BANK7   BANK8   BANK9  BANK10  BANK11  BANK12
      Params:         0       0       0       0       0       0       0       0       0       0       0       0       0       0
      Locals:         2       0       0       0       0       0       0       0       0       0       0       0       0       0
      Temps:          0       0       0       0       0       0       0       0       0       0       0       0       0       0
      Totals:         2       0       0       0       0       0       0       0       0       0       0       0       0       0
Total ram usage:        2 bytes
 Hardware stack levels used:    1
 This function calls:
		Nothing
 This function is called by:
		_strtol
 This function uses a non-reentrant model


 *************** function _isalpha *****************
 Defined at:
		line 8 in file "/Applications/microchip/xc8/v1.35/sources/common/isalpha.c"
 Parameters:    Size  Location     Type
  c               1    wreg     unsigned char 
 Auto vars:     Size  Location     Type
  c               1    3[COMMON] unsigned char 
 Return value:  Size  Location     Type
		None               void
 Registers used:
		wreg, status,2, status,0, pclath, cstack
 Tracked objects:
		On entry : 
		On exit  : 
		Unchanged: 
 Data sizes:     COMMON   BANK0   BANK1   BANK2   BANK3   BANK4   BANK5   BANK6   BANK7   BANK8   BANK9  BANK10  BANK11  BANK12
      Params:         0       0       0       0       0       0       0       0       0       0       0       0       0       0
      Locals:         2       0       0       0       0       0       0       0       0       0       0       0       0       0
      Temps:          0       0       0       0       0       0       0       0       0       0       0       0       0       0
      Totals:         2       0       0       0       0       0       0       0       0       0       0       0       0       0
Total ram usage:        2 bytes
 Hardware stack levels used:    1
 Hardware stack levels required when called:    1
 This function calls:
		_isupper
 This function is called by:
		_strtol
 This function uses a non-reentrant model


 *************** function _isupper *****************
 Defined at:
		line 8 in file "/Applications/microchip/xc8/v1.35/sources/common/isupper.c"
 Parameters:    Size  Location     Type
  c               1    wreg     unsigned char 
 Auto vars:     Size  Location     Type
  c               1    1[COMMON] unsigned char 
 Return value:  Size  Location     Type
		None               void
 Registers used:
		wreg, status,2, status,0
 Tracked objects:
		On entry : 
		On exit  : 
		Unchanged: 
 Data sizes:     COMMON   BANK0   BANK1   BANK2   BANK3   BANK4   BANK5   BANK6   BANK7   BANK8   BANK9  BANK10  BANK11  BANK12
      Params:         0       0       0       0       0       0       0       0       0       0       0       0       0       0
      Locals:         2       0       0       0       0       0       0       0       0       0       0       0       0       0
      Temps:          0       0       0       0       0       0       0       0       0       0       0       0       0       0
      Totals:         2       0       0       0       0       0       0       0       0       0       0       0       0       0
Total ram usage:        2 bytes
 Hardware stack levels used:    1
 This function calls:
		Nothing
 This function is called by:
		_isalpha
 This function uses a non-reentrant model


 *************** function ___lmul *****************
 Defined at:
		line 15 in file "/Applications/microchip/xc8/v1.35/sources/common/Umul32.c"
 Parameters:    Size  Location     Type
  multiplier      4    0[COMMON] unsigned long 
  multiplicand    4    4[COMMON] unsigned long 
 Auto vars:     Size  Location     Type
  product         4    8[COMMON] unsigned long 
 Return value:  Size  Location     Type
                  4    0[COMMON] unsigned long 
 Registers used:
		wreg, status,2, status,0
 Tracked objects:
		On entry : 
		On exit  : 
		Unchanged: 
 Data sizes:     COMMON   BANK0   BANK1   BANK2   BANK3   BANK4   BANK5   BANK6   BANK7   BANK8   BANK9  BANK10  BANK11  BANK12
      Params:         8       0       0       0       0       0       0       0       0       0       0       0       0       0
      Locals:         4       0       0       0       0       0       0       0       0       0       0       0       0       0
      Temps:          0       0       0       0       0       0       0       0       0       0       0       0       0       0
      Totals:        12       0       0       0       0       0       0       0       0       0       0       0       0       0
Total ram usage:       12 bytes
 Hardware stack levels used:    1
 This function calls:
		Nothing
 This function is called by:
		_strtol
 This function uses a non-reentrant model


 *************** function _strcpy *****************
 Defined at:
		line 8 in file "/Applications/microchip/xc8/v1.35/sources/common/strcpy.c"
 Parameters:    Size  Location     Type
  to              1    wreg     PTR unsigned char 
		 -> processline@src2(8), processline@src1(8), 
  from            1    0[COMMON] PTR const unsigned char 
		 -> EUSART_Receive_ISR@str(8), 
 Auto vars:     Size  Location     Type
  to              1    3[COMMON] PTR unsigned char 
		 -> processline@src2(8), processline@src1(8), 
  cp              1    2[COMMON] PTR unsigned char 
		 -> processline@src2(8), processline@src1(8), 
 Return value:  Size  Location     Type
                  1    wreg      PTR unsigned char 
 Registers used:
		wreg, fsr0l, fsr0h, fsr1l, fsr1h, status,2, status,0
 Tracked objects:
		On entry : 
		On exit  : 
		Unchanged: 
 Data sizes:     COMMON   BANK0   BANK1   BANK2   BANK3   BANK4   BANK5   BANK6   BANK7   BANK8   BANK9  BANK10  BANK11  BANK12
      Params:         1       0       0       0       0       0       0       0       0       0       0       0       0       0
      Locals:         2       0       0       0       0       0       0       0       0       0       0       0       0       0
      Temps:          1       0       0       0       0       0       0       0       0       0       0       0       0       0
      Totals:         4       0       0       0       0       0       0       0       0       0       0       0       0       0
Total ram usage:        4 bytes
 Hardware stack levels used:    1
 This function calls:
		Nothing
 This function is called by:
		_processline
 This function uses a non-reentrant model


 *************** function _goToPos *****************
 Defined at:
		line 43 in file "Switec_motor.c"
 Parameters:    Size  Location     Type
  pos             2    2[COMMON] unsigned int 
 Auto vars:     Size  Location     Type
  target          2    4[COMMON] int 
 Return value:  Size  Location     Type
		None               void
 Registers used:
		wreg, fsr1l, fsr1h, status,2, status,0, pclath, cstack
 Tracked objects:
		On entry : 
		On exit  : 
		Unchanged: 
 Data sizes:     COMMON   BANK0   BANK1   BANK2   BANK3   BANK4   BANK5   BANK6   BANK7   BANK8   BANK9  BANK10  BANK11  BANK12
      Params:         2       0       0       0       0       0       0       0       0       0       0       0       0       0
      Locals:         2       0       0       0       0       0       0       0       0       0       0       0       0       0
      Temps:          0       0       0       0       0       0       0       0       0       0       0       0       0       0
      Totals:         4       0       0       0       0       0       0       0       0       0       0       0       0       0
Total ram usage:        4 bytes
 Hardware stack levels used:    1
 Hardware stack levels required when called:    1
 This function calls:
		_stepClock
		i1_stepCounterClock
 This function is called by:
		_processline
 This function uses a non-reentrant model


 *************** function i1_stepCounterClock *****************
 Defined at:
		line 21 in file "Switec_motor.c"
 Parameters:    Size  Location     Type
		None
 Auto vars:     Size  Location     Type
		None
 Return value:  Size  Location     Type
		None               void
 Registers used:
		wreg, fsr1l, fsr1h, status,2, status,0
 Tracked objects:
		On entry : 
		On exit  : 
		Unchanged: 
 Data sizes:     COMMON   BANK0   BANK1   BANK2   BANK3   BANK4   BANK5   BANK6   BANK7   BANK8   BANK9  BANK10  BANK11  BANK12
      Params:         0       0       0       0       0       0       0       0       0       0       0       0       0       0
      Locals:         0       0       0       0       0       0       0       0       0       0       0       0       0       0
      Temps:          2       0       0       0       0       0       0       0       0       0       0       0       0       0
      Totals:         2       0       0       0       0       0       0       0       0       0       0       0       0       0
Total ram usage:        2 bytes
 Hardware stack levels used:    1
 This function calls:
		Nothing
 This function is called by:
		_goToPos
 This function uses a non-reentrant model


 *************** function _stepClock *****************
 Defined at:
		line 6 in file "Switec_motor.c"
 Parameters:    Size  Location     Type
		None
 Auto vars:     Size  Location     Type
		None
 Return value:  Size  Location     Type
		None               void
 Registers used:
		wreg, fsr1l, fsr1h, status,2, status,0
 Tracked objects:
		On entry : 
		On exit  : 
		Unchanged: 
 Data sizes:     COMMON   BANK0   BANK1   BANK2   BANK3   BANK4   BANK5   BANK6   BANK7   BANK8   BANK9  BANK10  BANK11  BANK12
      Params:         0       0       0       0       0       0       0       0       0       0       0       0       0       0
      Locals:         0       0       0       0       0       0       0       0       0       0       0       0       0       0
      Temps:          2       0       0       0       0       0       0       0       0       0       0       0       0       0
      Totals:         2       0       0       0       0       0       0       0       0       0       0       0       0       0
Total ram usage:        2 bytes
 Hardware stack levels used:    1
 This function calls:
		Nothing
 This function is called by:
		_goToPos
 This function uses a non-reentrant model



MODULE INFORMATION

Module		Function		Class		Link	Load	Size
DigitsDriver.c
		_display       		CODE           	0064	0000	726

DigitsDriver.c estimated size: 726

/Applications/microchip/xc8/v1.35/sources/common/ftneg.c
		___ftneg       		CODE           	1FA1	0000	10

/Applications/microchip/xc8/v1.35/sources/common/ftneg.c estimated size: 10

/Applications/microchip/xc8/v1.35/sources/common/strncpy.c
		_strncpy       		CODE           	1295	0000	54

/Applications/microchip/xc8/v1.35/sources/common/strncpy.c estimated size: 54

/Applications/microchip/xc8/v1.35/sources/common/ftsub.c
		___ftsub       		CODE           	0800	0000	31

/Applications/microchip/xc8/v1.35/sources/common/ftsub.c estimated size: 31

/Applications/microchip/xc8/v1.35/sources/common/float.c
		___ftpack      		CODE           	158B	0000	102

/Applications/microchip/xc8/v1.35/sources/common/float.c estimated size: 102

/Applications/microchip/xc8/v1.35/sources/common/toupper.c
		_toupper       		CODE           	1000	0000	16

/Applications/microchip/xc8/v1.35/sources/common/toupper.c estimated size: 16

/Applications/microchip/xc8/v1.35/sources/common/isalpha.c
		_isalpha       		CODE           	1030	0000	19

/Applications/microchip/xc8/v1.35/sources/common/isalpha.c estimated size: 19

eusart.c
		_processline   		CODE           	165C	0000	117
		_putch         		CODE           	1FAA	0000	11
		_EUSART_Initialize		CODE           	100F	0000	17
		_EUSART_Receive_ISR		CODE           	15F0	0000	109

eusart.c estimated size: 254

/Applications/microchip/xc8/v1.35/sources/common/isspace.c
		_isspace       		CODE           	1042	0000	19

/Applications/microchip/xc8/v1.35/sources/common/isspace.c estimated size: 19

/Applications/microchip/xc8/v1.35/sources/common/Umul32.c
		___lmul        		CODE           	1233	0000	48

/Applications/microchip/xc8/v1.35/sources/common/Umul32.c estimated size: 48

/Applications/microchip/xc8/v1.35/sources/common/evalpoly.c
		_eval_poly     		CODE           	152B	0000	97

/Applications/microchip/xc8/v1.35/sources/common/evalpoly.c estimated size: 97

i2c.h
		_i2c_Write     		CODE           	1F98	0000	10
		_i2c_Stop      		CODE           	1F7F	0000	6
		_i2c_Wait      		CODE           	1F90	0000	9
		_i2c_Read      		CODE           	10EB	0000	33
		_i2c_Init      		CODE           	1FB4	0000	13
		_i2c_Start     		CODE           	1F7A	0000	6
		_i2c_Restart   		CODE           	1F75	0000	6

i2c.h estimated size: 83

/Applications/microchip/xc8/v1.35/sources/common/ftge.c
		___ftge        		CODE           	12CA	0000	61

/Applications/microchip/xc8/v1.35/sources/common/ftge.c estimated size: 61

/Applications/microchip/xc8/v1.35/sources/common/fabs.c
		_fabs          		CODE           	1173	0000	36

/Applications/microchip/xc8/v1.35/sources/common/fabs.c estimated size: 36

/Applications/microchip/xc8/v1.35/sources/common/ftmul.c
		___ftmul       		CODE           	081E	0000	181

/Applications/microchip/xc8/v1.35/sources/common/ftmul.c estimated size: 181

/Applications/microchip/xc8/v1.35/sources/common/awmod.c
		___awmod       		CODE           	134B	0000	71

/Applications/microchip/xc8/v1.35/sources/common/awmod.c estimated size: 71

/Applications/microchip/xc8/v1.35/sources/common/ftdiv.c
		___ftdiv       		CODE           	1757	0000	170

/Applications/microchip/xc8/v1.35/sources/common/ftdiv.c estimated size: 170

/Applications/microchip/xc8/v1.35/sources/common/awtoft.c
		___awtoft      		CODE           	110B	0000	35

/Applications/microchip/xc8/v1.35/sources/common/awtoft.c estimated size: 35

/Applications/microchip/xc8/v1.35/sources/common/strcpy.c
		_strcpy        		CODE           	107C	0000	26

/Applications/microchip/xc8/v1.35/sources/common/strcpy.c estimated size: 26

/Applications/microchip/xc8/v1.35/sources/common/isdigit.c
		_isdigit       		CODE           	1FF2	0000	15

/Applications/microchip/xc8/v1.35/sources/common/isdigit.c estimated size: 15

/Applications/microchip/xc8/v1.35/sources/common/strtol.c
		_strtol        		CODE           	09C8	0000	250

/Applications/microchip/xc8/v1.35/sources/common/strtol.c estimated size: 250

/Applications/microchip/xc8/v1.35/sources/common/atan2.c
		_atan2         		CODE           	05FB	0000	512

/Applications/microchip/xc8/v1.35/sources/common/atan2.c estimated size: 512

/Applications/microchip/xc8/v1.35/sources/common/doprnt.c
		_printf        		CODE           	10B1	0000	30

/Applications/microchip/xc8/v1.35/sources/common/doprnt.c estimated size: 30

Init.c
		_OSCILLATOR_Initialize		CODE           	1F84	0000	7
		_SYSTEM_Initialize		CODE           	1FC0	0000	13

Init.c estimated size: 20

/Applications/microchip/xc8/v1.35/sources/common/Umul8.c
		___bmul        		CODE           	1054	0000	19

/Applications/microchip/xc8/v1.35/sources/common/Umul8.c estimated size: 19

shared
		i1_stepCounterClock		CODE           	1150	0000	36
		i1___awdiv     		CODE           	1427	0000	83
		atan@coeff_a   		STRCODE        	1800	0000	19
		atan@coeff_b   		STRCODE        	1812	0000	16
		__initialization		CODE           	0018	0000	73
		i1___awmod     		CODE           	1306	0000	70
		i1_display     		CODE           	0339	0000	707
		i1___bmul      		CODE           	101F	0000	18

shared estimated size: 1022

/Applications/microchip/xc8/v1.35/sources/common/fttol.c
		___fttol       		CODE           	16D0	0000	136

/Applications/microchip/xc8/v1.35/sources/common/fttol.c estimated size: 136

Switec_motor.c
		_stepCounterClock		CODE           	11DF	0000	39
		_zeroNeedle    		CODE           	10CE	0000	30
		_goToPos       		CODE           	1391	0000	74
		_stepClock     		CODE           	112D	0000	36

Switec_motor.c estimated size: 179

/Applications/microchip/xc8/v1.35/sources/common/atan.c
		_atan          		CODE           	0BF2	0000	369

/Applications/microchip/xc8/v1.35/sources/common/atan.c estimated size: 369

/Applications/microchip/xc8/v1.35/sources/common/awdiv.c
		___awdiv       		CODE           	1479	0000	83

/Applications/microchip/xc8/v1.35/sources/common/awdiv.c estimated size: 83

LIS3MDL.c
		_LIS3MDL_Read_Raw_XY		CODE           	14CB	0000	97
		_LIS3MDL_Wait  		CODE           	11BA	0000	38
		_LIS3MDL_init  		CODE           	1196	0000	37
		_LIS3MDL_Write 		CODE           	1066	0000	23
		_LIS3MDL_Read_XY		CODE           	0AC1	0000	306
		_argXY         		CODE           	1205	0000	47

LIS3MDL.c estimated size: 548

interrupt_manager.c
		_INTERRUPT_InterruptManager		CODE           	0004	0000	19

interrupt_manager.c estimated size: 19

/Applications/microchip/xc8/v1.35/sources/common/ftadd.c
		___ftadd       		CODE           	08D2	0000	247

/Applications/microchip/xc8/v1.35/sources/common/ftadd.c estimated size: 247

pin_manager.c
		_PIN_MANAGER_Initialize		CODE           	1262	0000	52

pin_manager.c estimated size: 52

/Applications/microchip/xc8/v1.35/sources/common/isupper.c
		_isupper       		CODE           	1FE4	0000	15

/Applications/microchip/xc8/v1.35/sources/common/isupper.c estimated size: 15

main.c
		_main          		CODE           	0D62	0000	671

main.c estimated size: 671

/Applications/microchip/xc8/v1.35/sources/common/Umul16.c
		___wmul        		CODE           	1095	0000	29

/Applications/microchip/xc8/v1.35/sources/common/Umul16.c estimated size: 29

